{"abcdefghijklmnopqrtsuvwxyz":"abcdefghijklmnopqrtsuvwxyz", "x":"y", "z":"w"}
